✔ closure follows declared production edges and excludes unrelated/dev packages (29.014164ms)
✔ missing required workspace edge yields a precise RED plan (7.060308ms)
✔ manifest and lock specifier mismatch cannot silently pick another resolution (6.529104ms)
✔ workspace link escape is rejected (6.085263ms)
✔ external dependency without registry integrity keeps export RED (5.207115ms)
✔ foreign snapshot transitive dependency missing from lock is reported (4.864507ms)
✔ explicitly declared missing payload file blocks export (7.419661ms)
✔ payload symlink is refused before export (9.103864ms)
✔ source identity mismatch is RED and writes no output (7.676174ms)
✔ output within an input tree is refused without mutation (7.113217ms)
✔ symlinked output parent is refused (6.557697ms)
✔ exports only selected regular files and preserves executable bytes and private metadata (15.753185ms)
✔ two exports from fixed inputs have byte-identical manifest and file index (22.377352ms)
✔ independent verifier rejects altered executable bytes (9.337832ms)
✔ independent verifier rejects unexpected payload files (13.811447ms)
✔ verifier sees forbidden node_modules and empty directories instead of hiding them (15.204274ms)
✔ verifier rejects an unlisted empty directory (10.552408ms)
✔ source identity refuses a symlinked ancestor (5.730226ms)
✔ changed source identity after planning blocks all output writes (4.348537ms)
✔ export plan identity is frozen and detached from caller mutations (4.863015ms)
✔ required external peers must have an exact resolved dependency (4.842654ms)
✔ manifest cannot detach package identities from the retained payload (11.900117ms)
✔ payload parent replaced by symlink after planning cannot escape input root (7.926848ms)
✔ workspace peer version requirements cannot be ignored (5.642964ms)
✔ publish wildcard includes descendants of matching directories (5.908005ms)
✔ exclusive output rejects an independently created destination directory (5.134395ms)
✔ CLI preflight uses source lock and writes a truthful report without an artifact (51.554417ms)
✔ unchanged fixed release assembler rejects the new manifest format before output writes (15.041528ms)
✔ a pinned workspace override is accepted only when both lock and link target agree (5.289699ms)
✔ native publication manifest cannot reference an absent binary (6.020155ms)
✔ duplicate source identity paths cannot inflate verified input count (4.600257ms)
✔ resolved external required peer must satisfy a supported locked version range (4.550052ms)
✔ caller-pinned manifest hash rejects a rewritten internally valid manifest (11.954899ms)
✔ R1 workspace required external peer rejects incompatible exact importer resolution (12.744004ms)
✔ R1 unsupported workspace external peer range stays RED (4.940772ms)
✔ R1 verifier rejects internally incompatible workspace external peer metadata (12.778316ms)
✔ R2 verifier rejects a manifest and disk that omit the declared main (17.413535ms)
✔ R2 declared main cannot escape its owning package (11.054559ms)
✔ R2 trusted original manifest pin rejects the reduced missing-main manifest first (8.953992ms)
✔ R3 existing report is preserved and blocks every artifact write (55.617583ms)
✔ R3 existing report symlink and target bytes are preserved before artifact writes (53.533726ms)
✔ R3 equal report and artifact path fails before creating either (57.623652ms)
✔ R3 late report write failure removes only this invocation artifact and report (80.087209ms)
✔ R3 existing caller output survives failure and newly claimed report is cleaned (70.929084ms)
✔ R3 failure cleanup preserves caller replacements with different ownership (86.909932ms)
✔ R3 successful CLI publishes complete report and artifact with matching trusted digest (78.223044ms)
✔ R3 concurrent CLI report claims preserve exactly one successful complete result (79.899715ms)
✔ R3 artifact cleanup failure still cleans the independently owned report (82.122957ms)
✔ R3 cleanup output inspection failure is explicit and report cleanup still runs (80.380347ms)
✔ R3 cleanup report inspection failure is explicit and preserves unknown ownership (83.294549ms)
✔ R3 report claim identity failure explicitly reports blocked cleanup without blind deletion (53.654684ms)
✔ R3 artifact claim identity failure explicitly reports blocked cleanup without blind deletion (74.064242ms)
ℹ tests 52
ℹ suites 0
ℹ pass 52
ℹ fail 0
ℹ cancelled 0
ℹ skipped 0
ℹ todo 0
ℹ duration_ms 1409.321275
